update pressed
done update  status=0
install pressed for soliton
event soliton download 0/223945 can_cancel=1 cancel_button=enabled
event soliton download 0/223945 can_cancel=1 cancel_button=enabled
event soliton download 10240/223945 can_cancel=1 cancel_button=enabled
event soliton download 20480/223945 can_cancel=1 cancel_button=enabled
event soliton download 30720/223945 can_cancel=1 cancel_button=enabled
event soliton download 40960/223945 can_cancel=1 cancel_button=enabled
event soliton download 51200/223945 can_cancel=1 cancel_button=enabled
event soliton download 61440/223945 can_cancel=1 cancel_button=enabled
event soliton download 71680/223945 can_cancel=1 cancel_button=enabled
event soliton download 81920/223945 can_cancel=1 cancel_button=enabled
event soliton download 92160/223945 can_cancel=1 cancel_button=enabled
event soliton download 102400/223945 can_cancel=1 cancel_button=enabled
event soliton download 112640/223945 can_cancel=1 cancel_button=enabled
event soliton download 122880/223945 can_cancel=1 cancel_button=enabled
event soliton download 133120/223945 can_cancel=1 cancel_button=enabled
event soliton download 143360/223945 can_cancel=1 cancel_button=enabled
event soliton download 153600/223945 can_cancel=1 cancel_button=enabled
event soliton download 163840/223945 can_cancel=1 cancel_button=enabled
event soliton download 174080/223945 can_cancel=1 cancel_button=enabled
event soliton download 184320/223945 can_cancel=1 cancel_button=enabled
event soliton download 194560/223945 can_cancel=1 cancel_button=enabled
event soliton download 204800/223945 can_cancel=1 cancel_button=enabled
event soliton download 215040/223945 can_cancel=1 cancel_button=enabled
event soliton download 223945/223945 can_cancel=1 cancel_button=enabled
event soliton verify 1/1 can_cancel=1 cancel_button=enabled
event soliton extract 0/223945 can_cancel=0 cancel_button=disabled
event soliton extract 1/1 can_cancel=0 cancel_button=disabled
event soliton publish 0/1 can_cancel=0 cancel_button=disabled
event soliton publish 1/1 can_cancel=0 cancel_button=disabled
done install soliton status=0
remove pressed for soliton
done remove soliton status=0
install pressed for blips
event blips download 0/1408356 can_cancel=1 cancel_button=enabled
event blips download 0/1408356 can_cancel=1 cancel_button=enabled
event blips download 10240/1408356 can_cancel=1 cancel_button=enabled
event blips download 20480/1408356 can_cancel=1 cancel_button=enabled
event blips download 30720/1408356 can_cancel=1 cancel_button=enabled
event blips download 40960/1408356 can_cancel=1 cancel_button=enabled
event blips download 51200/1408356 can_cancel=1 cancel_button=enabled
event blips download 61440/1408356 can_cancel=1 cancel_button=enabled
event blips download 71680/1408356 can_cancel=1 cancel_button=enabled
event blips download 81920/1408356 can_cancel=1 cancel_button=enabled
event blips download 92160/1408356 can_cancel=1 cancel_button=enabled
event blips download 102400/1408356 can_cancel=1 cancel_button=enabled
event blips download 112640/1408356 can_cancel=1 cancel_button=enabled
event blips download 122880/1408356 can_cancel=1 cancel_button=enabled
event blips download 133120/1408356 can_cancel=1 cancel_button=enabled
event blips download 143360/1408356 can_cancel=1 cancel_button=enabled
event blips download 153600/1408356 can_cancel=1 cancel_button=enabled
cancel pressed for blips
event blips download 163840/1408356 can_cancel=1 cancel_button=enabled
done install blips status=14 download cancelled
install pressed for sdlpop
event sdlpop download 0/1413476 can_cancel=1 cancel_button=enabled
event sdlpop download 0/1413476 can_cancel=1 cancel_button=enabled
event sdlpop download 10240/1413476 can_cancel=1 cancel_button=enabled
event sdlpop download 20480/1413476 can_cancel=1 cancel_button=enabled
event sdlpop download 30720/1413476 can_cancel=1 cancel_button=enabled
event sdlpop download 40960/1413476 can_cancel=1 cancel_button=enabled
event sdlpop download 51200/1413476 can_cancel=1 cancel_button=enabled
event sdlpop download 61440/1413476 can_cancel=1 cancel_button=enabled
event sdlpop download 71680/1413476 can_cancel=1 cancel_button=enabled
event sdlpop download 81920/1413476 can_cancel=1 cancel_button=enabled
event sdlpop download 92160/1413476 can_cancel=1 cancel_button=enabled
event sdlpop download 102400/1413476 can_cancel=1 cancel_button=enabled
event sdlpop download 112640/1413476 can_cancel=1 cancel_button=enabled
event sdlpop download 122880/1413476 can_cancel=1 cancel_button=enabled
event sdlpop download 133120/1413476 can_cancel=1 cancel_button=enabled
event sdlpop download 143360/1413476 can_cancel=1 cancel_button=enabled
close requested during download can_cancel=1
event sdlpop download 153600/1413476 can_cancel=1 cancel_button=disabled
done install sdlpop status=14 download cancelled
quit
