start PkgManager 0.3 sha256 13b4c7954a242d71de21a508aa4987b626356dc729d47f347ef15ffa5a2fb849 root SYS:PkgRx: ARexx port PKGMANAGER
refill (start) term="" rows=3 shown=3 installed=2 keep=-
arexx> VERSION
arexx< rc=0 len=94 PkgManager 0.3 ARexx 1 sha256 13b4c7954a242d71de21a508aa4987b626356dc72...
arexx> VERSION
arexx< rc=0 len=94 PkgManager 0.3 ARexx 1 sha256 13b4c7954a242d71de21a508aa4987b626356dc72...
arexx> REMOVE cls
job 1 remove cls from arexx
arexx< rc=0 len=1 1
arexx> WAIT 1 FIELD state
arexx wait for job 1 (running)
done remove cls status=0
job 1 remove cls done: removed cls
arexx< rc=0 len=4 done
refill (done) term="" rows=3 shown=3 installed=1 keep=cls
arexx> INSTALL cls
job 2 install cls from arexx
arexx< rc=0 len=1 2
arexx> VERSION
arexx< rc=0 len=94 PkgManager 0.3 ARexx 1 sha256 13b4c7954a242d71de21a508aa4987b626356dc72...
arexx> WAIT 2
arexx wait for job 2 (running)
event cls verify 1/1 can_cancel=1 cancel_button=enabled
event cls extract 0/41871 can_cancel=0 cancel_button=disabled
close requested during extract can_cancel=0
event cls extract 1/1 can_cancel=0 cancel_button=disabled
event cls publish 0/1 can_cancel=0 cancel_button=disabled
event cls publish 1/1 can_cancel=0 cancel_button=disabled
done install cls status=0
job 2 install cls done: installed cls
arexx< rc=0 len=121 id 2|op install|package cls|origin arexx|state done|phase publish|done ...
worker task gone 20 ms after done
quit
