start PkgManager 0.3 sha256 8345cec7d65a7fb9889974cd7a92d1cbbc58936f217c21f668fadc900d2d594b root SYS:PkgShow: ARexx port PKGMANAGER
refill (start) term="" rows=6 shown=6 installed=2 keep=-
arexx> INFO soliton FIELD compatibility
arexx< rc=0 len=6 native
arexx> INFO soliton FIELD requirements
arexx< rc=0 len=9 satisfied
arexx> INFO oldthing FIELD compatibility
arexx< rc=0 len=12 incompatible
arexx> INFO oldthing FIELD requirements
arexx< rc=0 len=11 not checked
arexx> INFO armthing FIELD compatibility
arexx< rc=0 len=12 incompatible
arexx> INFO futurething FIELD compatibility
arexx< rc=0 len=12 undetermined
arexx> INFO rescode FIELD abi
arexx< rc=0 len=3 v11
arexx> INFO rescode FIELD compatibility
arexx< rc=0 len=6 native
arexx> SHOW soliton
refill (arexx show) term="" rows=6 shown=6 installed=2 keep=soliton
detail soliton: installed 2.2, index 2.2-aros2, can_upgrade=1 can_rollback=0 why=no upgrade of this package is recorded, or its record is gone
arexx< rc=0 len=0 
detail soliton: installed 2.2, index 2.2-aros2, can_upgrade=1 can_rollback=0 why=no upgrade of this package is recorded, or its record is gone
