start PkgManager 0.3.1-rc2 sha256 a97d039005fb99d6de5c3d930d71b5471c3e26236c39429e22a441c50e4eedcf root SYS:PkgSol: ARexx port PKGMANAGER
refill (start) term="" rows=1 shown=1 installed=0 keep=-
install pressed for soliton
job 1 install soliton from window
event soliton verify 1/1 can_cancel=1 cancel_button=enabled
event soliton extract 0/223945 can_cancel=0 cancel_button=disabled
event soliton extract 1/1 can_cancel=0 cancel_button=disabled
event soliton publish 0/1 can_cancel=0 cancel_button=disabled
event soliton publish 1/1 can_cancel=0 cancel_button=disabled
done install soliton status=0
job 1 install soliton done: installed soliton
refill (done) term="" rows=1 shown=1 installed=1 keep=soliton
detail soliton: installed 2.2, index 2.2, can_upgrade=0 can_rollback=0 why=no upgrade of this package is recorded, or its record is gone
detail soliton: installed 2.2, index 2.2, can_upgrade=0 can_rollback=0 why=no upgrade of this package is recorded, or its record is gone
detail soliton: installed 2.2, index 2.2, can_upgrade=0 can_rollback=0 why=no upgrade of this package is recorded, or its record is gone
filter category=all state=Not installed
refill (filter) term="" rows=1 shown=0 installed=1 keep=soliton
filter category=all state=All
refill (filter) term="" rows=1 shown=1 installed=1 keep=-
detail soliton: installed 2.2, index 2.2-aros2, can_upgrade=1 can_rollback=0 why=no upgrade of this package is recorded, or its record is gone
upgrade pressed for soliton
job 2 upgrade soliton from window
event soliton verify 1/1 can_cancel=1 cancel_button=enabled
event soliton extract 0/225195 can_cancel=0 cancel_button=disabled
event soliton extract 1/1 can_cancel=0 cancel_button=disabled
done preview upgrade soliton status=0
plan upgrade soliton: 2.2 -> 2.2-aros2 allowed=1 add=1 replace=1 remove=0 kept=0 unchanged=32 conflicts=0
upgrade soliton confirmed automatically (--yes)
event soliton verify 1/1 can_cancel=1 cancel_button=enabled
event soliton extract 0/225195 can_cancel=0 cancel_button=disabled
event soliton extract 1/1 can_cancel=0 cancel_button=disabled
event soliton publish 0/2 can_cancel=0 cancel_button=disabled
event soliton publish 2/2 can_cancel=0 cancel_button=disabled
done upgrade soliton status=0
job 2 upgrade soliton done: upgraded soliton
detail soliton: installed 2.2, index 2.2-aros2, can_upgrade=1 can_rollback=1
refill (done) term="" rows=1 shown=1 installed=1 keep=soliton
detail soliton: installed 2.2-aros2, index 2.2-aros2, can_upgrade=0 can_rollback=1 why=installed is 2.2 revision 2 and the index offers revision 2, which is not newer
detail soliton: installed 2.2-aros2, index 2.2-aros2, can_upgrade=0 can_rollback=1 why=installed is 2.2 revision 2 and the index offers revision 2, which is not newer
detail soliton: installed 2.2-aros2, index 2.2-aros2, can_upgrade=0 can_rollback=1 why=installed is 2.2 revision 2 and the index offers revision 2, which is not newer
rollback pressed for soliton
job 3 rollback soliton from window
event soliton extract 0/223945 can_cancel=0 cancel_button=disabled
event soliton extract 1/1 can_cancel=0 cancel_button=disabled
done preview rollback soliton status=0
plan rollback soliton: 2.2-aros2 -> 2.2 allowed=1 add=0 replace=1 remove=1 kept=0 unchanged=32 conflicts=0
rollback soliton confirmed automatically (--yes)
event soliton extract 0/223945 can_cancel=0 cancel_button=disabled
event soliton extract 1/1 can_cancel=0 cancel_button=disabled
event soliton publish 0/2 can_cancel=0 cancel_button=disabled
event soliton publish 2/2 can_cancel=0 cancel_button=disabled
done rollback soliton status=0
job 3 rollback soliton done: rolled back soliton
detail soliton: installed 2.2-aros2, index 2.2-aros2, can_upgrade=0 can_rollback=0 why=no upgrade of this package is recorded, or its record is gone
refill (done) term="" rows=1 shown=1 installed=1 keep=soliton
detail soliton: installed 2.2, index 2.2-aros2, can_upgrade=1 can_rollback=0 why=no upgrade of this package is recorded, or its record is gone
detail soliton: installed 2.2, index 2.2-aros2, can_upgrade=1 can_rollback=0 why=no upgrade of this package is recorded, or its record is gone
detail soliton: installed 2.2, index 2.2-aros2, can_upgrade=1 can_rollback=0 why=no upgrade of this package is recorded, or its record is gone
filter category=all state=Not installed
refill (filter) term="" rows=1 shown=0 installed=1 keep=soliton
filter category=all state=All
refill (filter) term="" rows=1 shown=1 installed=1 keep=-
detail soliton: installed 2.2, index 2.2-aros2, can_upgrade=1 can_rollback=0 why=no upgrade of this package is recorded, or its record is gone
upgrade pressed for soliton
job 4 upgrade soliton from window
event soliton verify 1/1 can_cancel=1 cancel_button=enabled
event soliton extract 0/225195 can_cancel=0 cancel_button=disabled
event soliton extract 1/1 can_cancel=0 cancel_button=disabled
done preview upgrade soliton status=0
plan upgrade soliton: 2.2 -> 2.2-aros2 allowed=1 add=1 replace=0 remove=0 kept=0 unchanged=32 conflicts=1 why=a file you changed would be overwritten by the new revision: Soliton.guide
job 4 upgrade soliton failed CONFLICT: a file you changed would be overwritten by the new revision: Soliton.guide
detail soliton: installed 2.2, index 2.2-aros2, can_upgrade=1 can_rollback=0 why=no upgrade of this package is recorded, or its record is gone
upgrade pressed for soliton
job 5 upgrade soliton from window
event soliton verify 1/1 can_cancel=1 cancel_button=enabled
event soliton extract 0/225195 can_cancel=0 cancel_button=disabled
event soliton extract 1/1 can_cancel=0 cancel_button=disabled
done preview upgrade soliton status=0
plan upgrade soliton: 2.2 -> 2.2-aros2 allowed=1 add=2 replace=0 remove=0 kept=0 unchanged=32 conflicts=0
upgrade soliton confirmed automatically (--yes)
event soliton verify 1/1 can_cancel=1 cancel_button=enabled
event soliton extract 0/225195 can_cancel=0 cancel_button=disabled
event soliton extract 1/1 can_cancel=0 cancel_button=disabled
event soliton publish 0/2 can_cancel=0 cancel_button=disabled
event soliton publish 2/2 can_cancel=0 cancel_button=disabled
done upgrade soliton status=0
job 5 upgrade soliton done: upgraded soliton
detail soliton: installed 2.2, index 2.2-aros2, can_upgrade=1 can_rollback=1
refill (done) term="" rows=1 shown=1 installed=1 keep=soliton
detail soliton: installed 2.2-aros2, index 2.2-aros2, can_upgrade=0 can_rollback=1 why=installed is 2.2 revision 2 and the index offers revision 2, which is not newer
detail soliton: installed 2.2-aros2, index 2.2-aros2, can_upgrade=0 can_rollback=1 why=installed is 2.2 revision 2 and the index offers revision 2, which is not newer
detail soliton: installed 2.2-aros2, index 2.2-aros2, can_upgrade=0 can_rollback=1 why=installed is 2.2 revision 2 and the index offers revision 2, which is not newer
filter category=all state=Not installed
refill (filter) term="" rows=1 shown=0 installed=1 keep=soliton
filter category=all state=All
refill (filter) term="" rows=1 shown=1 installed=1 keep=-
detail soliton: installed 2.2-aros2, index 2.2-aros2, can_upgrade=0 can_rollback=0 why=the previous revision's archive is not in the cache (SYS:PkgSol/cache/previous/soliton.zip)
worker task gone 0 ms after done
quit
