update pressed
done index updated  status=0 
install pressed for soliton
event soliton download 0/223945 can_cancel=1 cancel_button=enabled
event soliton download 0/223945 can_cancel=1 cancel_button=enabled
event soliton download 10240/223945 can_cancel=1 cancel_button=enabled
event soliton download 20480/223945 can_cancel=1 cancel_button=enabled
event soliton download 30720/223945 can_cancel=1 cancel_button=enabled
event soliton download 40960/223945 can_cancel=1 cancel_button=enabled
event soliton download 51200/223945 can_cancel=1 cancel_button=enabled
event soliton download 61440/223945 can_cancel=1 cancel_button=enabled
event soliton download 71680/223945 can_cancel=1 cancel_button=enabled
event soliton download 81920/223945 can_cancel=1 cancel_button=enabled
event soliton download 92160/223945 can_cancel=1 cancel_button=enabled
event soliton download 102400/223945 can_cancel=1 cancel_button=enabled
event soliton download 112640/223945 can_cancel=1 cancel_button=enabled
event soliton download 122880/223945 can_cancel=1 cancel_button=enabled
event soliton download 133120/223945 can_cancel=1 cancel_button=enabled
event soliton download 143360/223945 can_cancel=1 cancel_button=enabled
event soliton download 153600/223945 can_cancel=1 cancel_button=enabled
event soliton download 163840/223945 can_cancel=1 cancel_button=enabled
event soliton download 174080/223945 can_cancel=1 cancel_button=enabled
event soliton download 184320/223945 can_cancel=1 cancel_button=enabled
event soliton download 194560/223945 can_cancel=1 cancel_button=enabled
event soliton download 204800/223945 can_cancel=1 cancel_button=enabled
event soliton download 215040/223945 can_cancel=1 cancel_button=enabled
event soliton download 223945/223945 can_cancel=1 cancel_button=enabled
event soliton verify 1/1 can_cancel=1 cancel_button=enabled
event soliton extract 0/223945 can_cancel=0 cancel_button=disabled
event soliton extract 1/1 can_cancel=0 cancel_button=disabled
event soliton publish 0/1 can_cancel=0 cancel_button=disabled
event soliton publish 1/1 can_cancel=0 cancel_button=disabled
done installed soliton status=0 
remove pressed for soliton
done removed soliton status=0 
install pressed for xrick
event xrick download 0/2043720 can_cancel=1 cancel_button=enabled
event xrick download 0/2043720 can_cancel=1 cancel_button=enabled
event xrick download 10240/2043720 can_cancel=1 cancel_button=enabled
event xrick download 20480/2043720 can_cancel=1 cancel_button=enabled
event xrick download 30720/2043720 can_cancel=1 cancel_button=enabled
event xrick download 40960/2043720 can_cancel=1 cancel_button=enabled
event xrick download 51200/2043720 can_cancel=1 cancel_button=enabled
event xrick download 61440/2043720 can_cancel=1 cancel_button=enabled
event xrick download 71680/2043720 can_cancel=1 cancel_button=enabled
event xrick download 81920/2043720 can_cancel=1 cancel_button=enabled
event xrick download 92160/2043720 can_cancel=1 cancel_button=enabled
event xrick download 102400/2043720 can_cancel=1 cancel_button=enabled
event xrick download 112640/2043720 can_cancel=1 cancel_button=enabled
event xrick download 122880/2043720 can_cancel=1 cancel_button=enabled
event xrick download 133120/2043720 can_cancel=1 cancel_button=enabled
event xrick download 143360/2043720 can_cancel=1 cancel_button=enabled
event xrick download 153600/2043720 can_cancel=1 cancel_button=enabled
event xrick download 163840/2043720 can_cancel=1 cancel_button=enabled
event xrick download 174080/2043720 can_cancel=1 cancel_button=enabled
event xrick download 184320/2043720 can_cancel=1 cancel_button=enabled
event xrick download 194560/2043720 can_cancel=1 cancel_button=enabled
event xrick download 204800/2043720 can_cancel=1 cancel_button=enabled
event xrick download 215040/2043720 can_cancel=1 cancel_button=enabled
event xrick download 225280/2043720 can_cancel=1 cancel_button=enabled
event xrick download 235520/2043720 can_cancel=1 cancel_button=enabled
event xrick download 245760/2043720 can_cancel=1 cancel_button=enabled
event xrick download 256000/2043720 can_cancel=1 cancel_button=enabled
event xrick download 266240/2043720 can_cancel=1 cancel_button=enabled
event xrick download 276480/2043720 can_cancel=1 cancel_button=enabled
event xrick download 286720/2043720 can_cancel=1 cancel_button=enabled
event xrick download 296960/2043720 can_cancel=1 cancel_button=enabled
event xrick download 307200/2043720 can_cancel=1 cancel_button=enabled
event xrick download 317440/2043720 can_cancel=1 cancel_button=enabled
event xrick download 327680/2043720 can_cancel=1 cancel_button=enabled
event xrick download 337920/2043720 can_cancel=1 cancel_button=enabled
event xrick download 348160/2043720 can_cancel=1 cancel_button=enabled
event xrick download 358400/2043720 can_cancel=1 cancel_button=enabled
event xrick download 368640/2043720 can_cancel=1 cancel_button=enabled
event xrick download 378880/2043720 can_cancel=1 cancel_button=enabled
event xrick download 389120/2043720 can_cancel=1 cancel_button=enabled
event xrick download 399360/2043720 can_cancel=1 cancel_button=enabled
event xrick download 409600/2043720 can_cancel=1 cancel_button=enabled
event xrick download 419840/2043720 can_cancel=1 cancel_button=enabled
event xrick download 430080/2043720 can_cancel=1 cancel_button=enabled
event xrick download 440320/2043720 can_cancel=1 cancel_button=enabled
event xrick download 450560/2043720 can_cancel=1 cancel_button=enabled
event xrick download 460800/2043720 can_cancel=1 cancel_button=enabled
event xrick download 471040/2043720 can_cancel=1 cancel_button=enabled
event xrick download 481280/2043720 can_cancel=1 cancel_button=enabled
event xrick download 491520/2043720 can_cancel=1 cancel_button=enabled
event xrick download 501760/2043720 can_cancel=1 cancel_button=enabled
event xrick download 512000/2043720 can_cancel=1 cancel_button=enabled
event xrick download 522240/2043720 can_cancel=1 cancel_button=enabled
event xrick download 532480/2043720 can_cancel=1 cancel_button=enabled
event xrick download 542720/2043720 can_cancel=1 cancel_button=enabled
event xrick download 552960/2043720 can_cancel=1 cancel_button=enabled
event xrick download 563200/2043720 can_cancel=1 cancel_button=enabled
event xrick download 573440/2043720 can_cancel=1 cancel_button=enabled
event xrick download 583680/2043720 can_cancel=1 cancel_button=enabled
event xrick download 593920/2043720 can_cancel=1 cancel_button=enabled
event xrick download 604160/2043720 can_cancel=1 cancel_button=enabled
event xrick download 614400/2043720 can_cancel=1 cancel_button=enabled
event xrick download 624640/2043720 can_cancel=1 cancel_button=enabled
event xrick download 634880/2043720 can_cancel=1 cancel_button=enabled
event xrick download 645120/2043720 can_cancel=1 cancel_button=enabled
event xrick download 655360/2043720 can_cancel=1 cancel_button=enabled
event xrick download 665600/2043720 can_cancel=1 cancel_button=enabled
event xrick download 675840/2043720 can_cancel=1 cancel_button=enabled
event xrick download 686080/2043720 can_cancel=1 cancel_button=enabled
event xrick download 696320/2043720 can_cancel=1 cancel_button=enabled
event xrick download 706560/2043720 can_cancel=1 cancel_button=enabled
event xrick download 716800/2043720 can_cancel=1 cancel_button=enabled
event xrick download 727040/2043720 can_cancel=1 cancel_button=enabled
event xrick download 737280/2043720 can_cancel=1 cancel_button=enabled
cancel pressed for xrick
done installed xrick status=14 download cancelled
quit
