start PkgManager 0.3 sha256 7fdb7c80f61eb012372dccbfab9bde6aa8c529c71fb4f9e0ed5d760430d7e000 root SYS:PkgRx: ARexx port PKGMANAGER
refill (start) term="" rows=3 shown=3 installed=1 keep=-
arexx> VERSION
arexx< rc=10 NOMEM no memory for the answer (len=94)
arexx> LASTERROR
arexx< rc=0 lasterror NOMEM no memory for the answer
arexx> VERSION
arexx< rc=10 NOMEM no memory for the answer (len=94)
arexx> LASTERROR
arexx< rc=0 lasterror NOMEM no memory for the answer
arexx> INFO soliton FIELD state
arexx< rc=0 len=9 installed
arexx> INSTALL cls
job 1 install cls from arexx
job 1 install cls failed CANNOTSTART: could not start the worker process
arexx< rc=10 CANNOTSTART could not start the worker process
arexx> LASTERROR
arexx< rc=0 lasterror CANNOTSTART could not start the worker process
arexx> JOB FIELD state
arexx< rc=0 len=6 failed
arexx> JOB FIELD error
arexx< rc=0 len=11 CANNOTSTART
arexx> INFO cls FIELD state
arexx< rc=0 len=9 available
arexx> INSTALL cls
job 2 install cls from arexx
job 2 install cls failed CANNOTSTART: could not start the worker process
arexx< rc=10 CANNOTSTART could not start the worker process
arexx> LASTERROR
arexx< rc=0 lasterror CANNOTSTART could not start the worker process
worker task gone 0 ms after done
quit
