start PkgManager 0.3.1-rc1 sha256 732ecd9b356c200e3436e5f3bf49240c30b5698050e9aea3c6464eed360070ff root SYS:PkgRx: ARexx port PKGMANAGER
refill (start) term="" rows=3 shown=3 installed=2 keep=-
arexx> VERSION
arexx< rc=0 len=100 PkgManager 0.3.1-rc1 ARexx 1 sha256 732ecd9b356c200e3436e5f3bf49240c30b...
arexx> (the line above 1 more times)
arexx> REMOVE cls
job 1 remove cls from arexx
arexx< rc=0 len=1 1
arexx> WAIT 1 FIELD state
arexx wait for job 1 (running)
done remove cls status=0
job 1 remove cls done: removed cls
arexx< rc=0 len=4 done
refill (done) term="" rows=3 shown=3 installed=1 keep=cls
arexx> INSTALL cls
job 2 install cls from arexx
arexx< rc=0 len=1 2
event cls verify 1/1 can_cancel=1 cancel_button=enabled
event cls extract 0/41871 can_cancel=0 cancel_button=disabled
arexx> VERSION
arexx< rc=0 len=100 PkgManager 0.3.1-rc1 ARexx 1 sha256 732ecd9b356c200e3436e5f3bf49240c30b...
arexx> WAIT 2
arexx wait for job 2 (running)
close requested during extract can_cancel=0
event cls extract 1/1 can_cancel=0 cancel_button=disabled
event cls publish 0/1 can_cancel=0 cancel_button=disabled
event cls publish 1/1 can_cancel=0 cancel_button=disabled
done install cls status=0
job 2 install cls done: installed cls
arexx< rc=0 len=121 id 2|op install|package cls|origin arexx|state done|phase publish|done ...
worker task gone 0 ms after done
quit
